main.c:84:6:FifoWrite	16	static
main.c:96:10:FifoRead	16	static
main.c:109:5:main	8	static
main.c:219:6:SystemClock_Config	88	static
main.c:264:13:MX_ADC1_Init	24	static
main.c:314:13:MX_CRC_Init	8	static
main.c:341:13:MX_I2C1_Init	8	static
main.c:375:13:MX_USART2_UART_Init	8	static
main.c:406:13:MX_DMA_Init	16	static
main.c:428:13:MX_GPIO_Init	48	static
main.c:467:6:HAL_GPIO_EXTI_Callback	16	static
main.c:473:6:HAL_ADC_ConvCpltCallback	24	static
main.c:486:6:HAL_ADC_ConvHalfCpltCallback	24	static
main.c:503:6:Error_Handler	4	static,ignoring_inline_asm
